$ lake build
✔ [2471/2502] Built Nivat.Core.Basic (3.8s)
✔ [2472/2502] Built Nivat.TwoFactors.FiniteState (3.4s)
✔ [2473/2502] Built Nivat.Descent.FiberBudget (3.8s)
✔ [2474/2502] Built Nivat.Core.Patterns (1.9s)
✔ [2475/2502] Built Nivat.Core.BoundedDifferences (2.0s)
✔ [2476/2502] Built Nivat.Core.Lattice (2.2s)
✔ [2477/2502] Built Nivat.Algebra.Action (2.4s)
✔ [2478/2502] Built Nivat.TwoFactors.PeriodicRows (2.4s)
✔ [2479/2502] Built Nivat.TwoFactors.StripStates (2.4s)
✔ [2480/2502] Built Nivat.Core.Alphabet (1.6s)
✔ [2481/2502] Built Nivat.Core.Reindex (1.6s)
✔ [2482/2502] Built Nivat.Algebra.RationalScaling (1.9s)
✔ [2483/2502] Built Nivat.Algebra.RectangleSupport (2.1s)
✔ [2484/2502] Built Nivat.TwoFactors.BoundaryCounting (1.9s)
✔ [2485/2502] Built Nivat.Algebra.ExactLine (2.7s)
✔ [2486/2502] Built Nivat.Algebra.LowComplexity (2.7s)
✔ [2487/2502] Built Nivat.Dynamics.HalfPlanePair (5.6s)
✔ [2488/2502] Built Nivat.Algebra.LineErosion (1.8s)
✔ [2489/2502] Built Nivat.TwoFactors.BoundaryPeriod (1.8s)
✔ [2490/2502] Built Nivat.Algebra.ProductDifferences (2.7s)
✔ [2491/2502] Built Nivat.TwoFactors.Window (2.5s)
✔ [2492/2502] Built Nivat.Dynamics.OrbitClosure (1.9s)
✔ [2493/2502] Built Nivat.TwoFactors.WindowCriterion (1.5s)
✔ [2494/2502] Built Nivat.Descent.ExactDescent (1.8s)
✔ [2495/2502] Built Nivat.TwoFactors.WindowNormalization (1.4s)
✔ [2496/2502] Built Nivat.Dynamics.PeriodicDifference (1.7s)
✔ [2497/2502] Built Nivat.TwoFactors.Main (1.2s)
✔ [2498/2502] Built Nivat.Main (1.3s)
✔ [2499/2502] Built Nivat (1.5s)
✔ [2501/2502] Built Solution (1.6s)
Build completed successfully (2502 jobs).
EXIT_CODE=0
